// Jest Snapshot v1, https://goo.gl/fbAQLP

exports[`<ButtonHandleError /> should render correctly 1`] = `
<div
  className="ButtonHandleError"
>
  <button
    type="button"
  >
     
    Try Again
     
  </button>
</div>
`;
