// Jest Snapshot v1, https://goo.gl/fbAQLP

exports[`<LoaderSpinner /> should render correctly 1`] = `
<p
  className="LoaderSpinner"
>
   Loading... 
</p>
`;
