// Jest Snapshot v1, https://goo.gl/fbAQLP

exports[`<SectionTitle /> should render correctly 1`] = `
<div
  className="SectionTitle"
>
  <h2>
    Mocked Title
  </h2>
</div>
`;
